// Jest Snapshot v1, https://goo.gl/fbAQLP

exports[`Avatar component snapshot test 1`] = `
<div>
  <span
    class="avatar avatar-x avatar-size-m avatar-variant-dark custom-avatar"
  />
</div>
`;
