// Jest Snapshot v1, https://goo.gl/fbAQLP

exports[`PausedModalScreen component matches snapshot 1`] = `
<h1>
  Game is Paused
</h1>
`;
