// Jest Snapshot v1, https://goo.gl/fbAQLP

exports[`ErrorScreen screen component snapshot test should match the snapshot 1`] = `
<DocumentFragment>
  <div
    class="screen-error"
    data-testid="error-boundary"
  >
    <div
      class="flex-box direction-column justify-content-flex-start align-items-center"
    >
      <div
        class="flex-box direction-row justify-content-flex-start align-items-flex-start spacing-s logo"
      >
        <span
          class="avatar avatar-x avatar-size-m"
        />
        <span
          class="avatar avatar-o avatar-size-m"
        />
      </div>
      <hr
        class="divider full-width horizontal margin-vertical-l invisible"
      />
      <span>
        Something went wrong!
      </span>
      <hr
        class="divider full-width horizontal margin-vertical-s invisible"
      />
      <sub>
        Please, try again later...
      </sub>
      <hr
        class="divider full-width horizontal margin-vertical-l invisible"
      />
      <button
        class="button button-primary"
      >
        Try again
      </button>
    </div>
  </div>
</DocumentFragment>
`;
