// Jest Snapshot v1, https://goo.gl/fbAQLP

exports[`Button component snapshot test should match the snapshot 1`] = `
<DocumentFragment>
  <button
    class="button button-primary"
  >
    Click Me
  </button>
</DocumentFragment>
`;
