// Jest Snapshot v1, https://goo.gl/fbAQLP

exports[`Icon component matches snapshot 1`] = `
<i
  class="icon icon-pause"
/>
`;
