// Jest Snapshot v1, https://goo.gl/fbAQLP

exports[`Logout component snapshot test 1`] = `
<div>
  <div
    class="logout"
  >
    <i
      class="icon-reply"
    />
  </div>
</div>
`;
