// Jest Snapshot v1, https://goo.gl/fbAQLP

exports[`Logout component snapshot test 1`] = `
<div>
  <i
    class="icon mute icon-volume-up"
    data-testid="mute-icon"
  />
</div>
`;
