// Jest Snapshot v1, https://goo.gl/fbAQLP

exports[`Spinner component snapshot test 1`] = `
<div>
  <div
    class="spinner"
  />
</div>
`;
