// Jest Snapshot v1, https://goo.gl/fbAQLP

exports[`Timer component snapshot test 1`] = `
<div>
  <button
    class="button button-dark timer"
    disabled=""
  >
    00:00
  </button>
</div>
`;
